---
source: src/harness/tui/src/chatwidget/tests.rs
expression: term.backend().vt100().screen().contents()
---










• Working (0s • esc to interrupt)

  ↳ Queued while /review is running.
    ⌥ + ↑ edit

› Ask Codex to do anything

  gpt-5.3-codex · 100% left · ~/Workspace/codey/src/harness/tui
