---
source: src/tui/app/src/status/tests.rs
expression: sanitized
---
/status

╭───────────────────────────────────────────────────────────────────────╮
│  >_ Adam (v0.0.0)                                                     │
│                                                                       │
│ Visit https://chatgpt.com/codex/settings/usage for up-to-date         │
│ information on rate limits and credits                                │
│                                                                       │
│  Model:            gpt-5.1-codex-max (reasoning none, summaries auto) │
│  Directory: [[workspace]]                                             │
│  Approval:         on-request                                         │
│  Sandbox:          read-only                                          │
│  Agents.md:        <none>                                             │
│  Account:          user@example.com (Unknown)                         │
│                                                                       │
│  Context window:   99% left (1.45K used / 272K)                       │
│  5h limit:         [████████░░░░░░░░░░░░] 40% left (resets 11:32)     │
│  Weekly limit:     [█████████████░░░░░░░] 65% left (resets 11:52)     │
│  Warning:          limits may be stale - start new turn to refresh.   │
╰───────────────────────────────────────────────────────────────────────╯
