---
source: src/tui/app/src/agent_selection_modal.rs
assertion_line: 527
expression: terminal.backend()
---
"                                                                                "
"                                                                                "
"                                                                                "
"  ╭──────────────────────────────────────────────────────────────────────────╮  "
"  │                                                                          │  "
"  │  Multi-agents                                                            │  "
"  │  Select an agent to watch.                                               │  "
"  │                                                                          │  "
"  │    1. ● Main [default] (current)                                         │  "
"  │     00000000-0000-0000-0000-000000000001                                 │  "
"  │     Running                                                              │  "
"  │  › 2. ● Robie [explorer]                                                 │  "
"  │     00000000-0000-0000-0000-000000000002                                 │  "
"  │     Completed - mapped the branch                                        │  "
"  │    3. ○ Closed [worker]                                                  │  "
"  │     00000000-0000-0000-0000-000000000003                                 │  "
"  │     Shutdown                                                             │  "
"  │                                                                          │  "
"  │  Enter select   ↑↓/jk move   Esc exit                                    │  "
"  │                                                                          │  "
"  ╰──────────────────────────────────────────────────────────────────────────╯  "
"                                                                                "
"                                                                                "
"                                                                                "
