---
source: src/tui/app/src/onboarding/trust_directory.rs
expression: terminal.backend()
---
> You are running Adam in /workspace/project

  Since this folder is version controlled, you may wish to allow Adam
  to work in this folder without asking for approval.

› 1. Yes, allow Adam to work in this folder without asking for        
     approval                                                         
  2. No, ask me to approve edits and commands

  Press enter to continue
