---
source: src/harness/tui/src/bottom_pane/chat_composer.rs
expression: terminal.backend()
---
"                    "
"› Test              "
"                    "
"                    "
"                    "
"                    "
"                    "
"                    "
"         Plan mode  "
