---
source: src/agent/cli/src/../product/tui_app/src/skills_modal.rs
expression: rendered
---








      ╭──────────────────────────────────────────────────────────────────────────────────────╮
      │                                                                                      │
      │  Skills                                                                              │
      │  Turn skills on or off. Changes are saved automatically.                             │
      │                                                                                      │
      │  Search skills                                                                       │
      │  >                                                                                   │
      │                                                                                      │
      │  › [x] Repo Scout                                                                    │
      │     Summarize the repo layout                                                        │
      │    [ ] Changelog Writer                                                              │
      │     Draft release notes                                                              │
      │                                                                                      │
      │  Space/Enter toggle   ↑↓/Ctrl-N/P move   Esc close                                   │
      │                                                                                      │
      ╰──────────────────────────────────────────────────────────────────────────────────────╯
