---
source: tui/src/chatwidget/tests.rs
assertion_line: 5180
expression: term.backend().vt100().screen().contents()
---



























• I’m going to search the repo for where “Change Approved” is rendered to update
  that view.

• Explored
  └ Search Change Approved
    Read diff_render.rs

• Investigating rendering code (0s • esc to interrupt)


› Summarize recent commits

  gpt-5.2-codex · 100% left · ~/Workspace/codey/codex-rs/tui
