---
source: src/agent/cli/src/../product/tui_app/src/bottom_pane/chat_composer.rs
expression: terminal.backend()
---
"                                                            "
"› /mo                                                       "
"                                                            "
"                                                            "
"  /model  choose what model and reasoning effort to use     "
