---
source: src/agent/cli/product/tui_app/src/bottom_pane/chat_composer.rs
expression: terminal.backend()
---
"                                                                                                    "
"                                                                                           .----.   "
"                                                                                          ( @  @ )  "
"                                                                                          (______)  "
"                                                                                          /\/\/\/\\ "
"                                                                                            Echo    "
"                                                                                                    "
"› [Pasted Content 1005 chars]                                                                       "
"                                                                                                    "
"  loading · 100% left                                                                               "
