---
source: src/agent/cli/src/../product/tui_app/src/bottom_pane/mod.rs
expression: "render_snapshot(&pane, area)"
---
  1 background terminal running · /ps to view · 
                                                
                                                
› Ask LHA to do anything                        
                                                
  loading · 100% left
