---
source: src/agent/cli/product/tui_app/src/bottom_pane/chat_composer.rs
expression: terminal.backend()
---
"                              "
"› Test                        "
"                              "
"                              "
"                              "
"                              "
"                              "
"                              "
"  gpt-5.4   Identity planner  "
