---
source: src/tui/app/src/bottom_pane/chat_composer.rs
assertion_line: 3284
expression: terminal.backend()
---
"                                                                                                                        "
"› Ask Codex to do anything                                                                                              "
"                                                                                                                        "
"                                                                                                                        "
"                                                                                                                        "
"                                                                                                                        "
"                                                                                                                        "
"                                                                                                                        "
"  gpt-5.4 high · 100% left · ~/Workspace/adam                                                      Identity programmer  "
