---
source: src/tui/app/src/bottom_pane/chat_composer.rs
expression: terminal.backend()
---
"                                                                                                    "
"                                                                                           .----.   "
"                                                                                          ( @  @ )  "
"                                                                                          (______)  "
"                                                                                         /\/\/\/\\  "
"                                                                                           Echo     "
"› [Image #1][Image #2]                                                                              "
"                                                                                                    "
"  loading · 100% left                                                                               "
