---
source: src/tui/app/src/bottom_pane/list_selection_view.rs
expression: render_lines(&view)
---
                                                
  Select Approval Mode                          
                                                
› 1. Read Only (current)  Adam can read files   
  2. Full Access          Adam can edit files   
                                                
  Press enter to confirm or esc to go back
