---
source: src/tui/app/src/bottom_pane/mod.rs
expression: "render_snapshot(&pane, area)"
---
• Working (0s • esc to interrupt)               
                                                
  ↳ Queued follow-up question                   
    ⌥ + ↑ edit                                  
                                                
› Ask Adam to do anything                       
                                                
  loading · 100% left
