---
source: src/harness/tui/src/bottom_pane/chat_composer.rs
expression: terminal.backend()
---
"                          "
"› Ask Codex to do anythin "
"                          "
"                          "
"                          "
"                          "
"                          "
"                          "
"  gpt-5.4 high Plan mode  "
