---
source: src/tui/app/src/bottom_pane/chat_composer.rs
expression: terminal.backend()
---
"                                                                                                                        "
"                                                                                                               .----.   "
"                                                                                                              ( @  @ )  "
"                                                                                                              (______)  "
"                                                                                                              /\/\/\/\\ "
"                                                                                                                Echo    "
"› Ask LHA to do anything                                                                                                "
"                                                                                                                        "
"  gpt-5.4 high · 100% left · ~/Workspace/lha                                 Identity programmer (shift+tab to change)  "
