---
source: src/tui/app/src/bottom_pane/chat_composer.rs
expression: terminal.backend()
---
"                                            "
"› Ask LHA to do anything                    "
"                                            "
"                                            "
"                                            "
"                                            "
"                                            "
"                                            "
"    Identity planner (shift+tab to change)  "
